JSCompiler_StaticMethods_assoc_BANG_:Ae
JSCompiler_StaticMethods_cljs$core$ITransientVector$_assoc_n_BANG_$arity$3:Fd
JSCompiler_StaticMethods_sval:Pc
JSCompiler_prototypeAlias:g
JSCompiler_temp_const$jscomp$96:Ef
L 0:a
L 1:b
L 10:n
L 11:p
L 12:q
L 13:t
L 14:y
L 15:A
L 16:C
L 17:G
L 18:K
L 19:R
L 2:c
L 20:ca
L 21:wa
L 22:qe
L 3:d
L 4:e
L 5:f
L 6:h
L 7:k
L 8:l
L 9:m
backend$controllers$auth_controllers$generate_token_and_set_cookies:wf
backend$controllers$auth_controllers$handle_sign_up:xf
backend$controllers$auth_controllers$isPasswordValid:yf
backend$core$init:Gf
backend$db$connect_db$connect:hf
backend$db$models$user_models$user:vf
backend$db$models$user_models$user_schema:uf
backend$mailtrap$core$mailtrap_client:pf
backend$mailtrap$core$sender:of
backend$mailtrap$emails$send_password_reset_email:sf
backend$mailtrap$emails$send_reset_password_success_email:tf
backend$mailtrap$emails$send_verification_email:qf
backend$mailtrap$emails$send_welcome_email:rf
backend$routes$auth_routes$router:zf
backend$server$app:Af
backend$server$dirname:Df
backend$server$listening:Ff
backend$server$port:Bf
backend$utils$core$math:bf
cljs$core$ArrayChunk:Rc
cljs$core$ArrayNode:je
cljs$core$ArrayNodeIterator:ne
cljs$core$ArrayNodeSeq:ve
cljs$core$BitmapIndexedNode:fe
cljs$core$BitmapIndexedNode$EMPTY:ie
cljs$core$Box:ae
cljs$core$ChunkBuffer:Qc
cljs$core$ChunkedCons:Sc
cljs$core$ChunkedSeq:Bd
cljs$core$Cons:Kc
cljs$core$ES6EntriesIterator:Jd
cljs$core$ES6Iterator:Mb
cljs$core$ES6IteratorSeq:Nb
cljs$core$EmptyList:Jc
cljs$core$HashCollisionNode:se
cljs$core$HashMapIter:xe
cljs$core$IAssociative:La
cljs$core$ICollection:Ca
cljs$core$ICounted:ya
cljs$core$IEmptyableCollection:Aa
cljs$core$IEncodeClojure:Te
cljs$core$IIndexed:Ea
cljs$core$IIndexed$_nth$dyn_7280:Fa
cljs$core$IIterable:qb
cljs$core$IKVReduce:Za
cljs$core$IList:fb
cljs$core$ILookup:Ia
cljs$core$ILookup$_lookup$dyn_7286:Ka
cljs$core$IMap:Oa
cljs$core$IMeta:Ta
cljs$core$INext:Ha
cljs$core$IPrintWithWriter:hb
cljs$core$IRecord:gb
cljs$core$IReduce:Wa
cljs$core$IReduce$_reduce$dyn_7303:Ya
cljs$core$ISeq:Ga
cljs$core$ISeqable:cb
cljs$core$ISequential:eb
cljs$core$ITER_SYMBOL:ta
cljs$core$IVector:Ra
cljs$core$IndexedSeq:M
cljs$core$IndexedSeqIterator:bc
cljs$core$KeySeq:Ce
cljs$core$Keyword:I
cljs$core$LazySeq:Oc
cljs$core$List:gc
cljs$core$List$EMPTY:O
cljs$core$MapEntry:Ld
cljs$core$MetaFn:mc
cljs$core$NeverEquiv:Gd
cljs$core$NodeIterator:ee
cljs$core$NodeSeq:te
cljs$core$PROTOCOL_SENTINEL:u
cljs$core$PersistentArrayMap:la
cljs$core$PersistentArrayMap$EMPTY:fd
cljs$core$PersistentArrayMap$HASHMAP_THRESHOLD:Sd
cljs$core$PersistentArrayMap$createAsIfByAssoc:lc
cljs$core$PersistentArrayMap$createAsIfByAssocComplexPath:Xd
cljs$core$PersistentArrayMapIterator:Od
cljs$core$PersistentArrayMapSeq:Nd
cljs$core$PersistentHashMap:ye
cljs$core$PersistentHashMap$EMPTY:Td
cljs$core$PersistentVector:Y
cljs$core$PersistentVector$EMPTY:fc
cljs$core$PersistentVector$EMPTY_NODE:Ad
cljs$core$RangedIterator:sd
cljs$core$Reduced:Sb
cljs$core$StringBufferWriter:sb
cljs$core$Symbol:Eb
cljs$core$TransientArrayMap:Rd
cljs$core$TransientHashMap:ze
cljs$core$TransientVector:vd
cljs$core$ValSeq:De
cljs$core$VectorNode:kd
cljs$core$_EQ_:Q
cljs$core$_STAR_print_fn_STAR_:ha
cljs$core$_STAR_print_level_STAR_:ja
cljs$core$_STAR_print_newline_STAR_:ia
cljs$core$__destructure_map:ed
cljs$core$_as_transient:jb
cljs$core$_assoc:Na
cljs$core$_assoc_BANG_:mb
cljs$core$_chunked_first:ob
cljs$core$_chunked_rest:pb
cljs$core$_conj:Da
cljs$core$_conj_BANG_:kb
cljs$core$_contains_key_QMARK_:Ma
cljs$core$_count:za
cljs$core$_deref:Sa
cljs$core$_drop_first:nb
cljs$core$_empty:Ba
cljs$core$_equiv:ab
cljs$core$_first:E
cljs$core$_hash:bb
cljs$core$_indexOf$cljs$0core$0IFn$0_invoke$0arity$03:T
cljs$core$_iterator:rb
cljs$core$_js__GT_clj:Ue
cljs$core$_key:Pa
cljs$core$_kv_reduce:$a
cljs$core$_lastIndexOf$cljs$0core$0IFn$0_invoke$0arity$03:V
cljs$core$_lookup:Ja
cljs$core$_meta:Ua
cljs$core$_nth:D
cljs$core$_persistent_BANG_:lb
cljs$core$_pr_writer:ib
cljs$core$_reduce:Xa
cljs$core$_rest:F
cljs$core$_seq:db
cljs$core$_val:Qa
cljs$core$_with_meta:Va
cljs$core$_write:H
cljs$core$aclone:B
cljs$core$apply:nc
cljs$core$apply$cljs$0core$0IFn$0_invoke$0arity$02:cd
cljs$core$apply$cljs$0core$0IFn$0_invoke$0arity$03:dd
cljs$core$apply_to:Xc
cljs$core$apply_to_simple$cljs$0core$0IFn$0_invoke$0arity$03:Zc
cljs$core$apply_to_simple$cljs$0core$0IFn$0_invoke$0arity$04:$c
cljs$core$apply_to_simple$cljs$0core$0IFn$0_invoke$0arity$05:ad
cljs$core$apply_to_simple$cljs$0core$0IFn$0_invoke$0arity$06:bd
cljs$core$array__GT_transient_hash_map:$d
cljs$core$array_copy:vc
cljs$core$array_for:qd
cljs$core$array_index_of:Kd
cljs$core$array_map:Be
cljs$core$array_reduce$cljs$0core$0IFn$0_invoke$0arity$02:Vb
cljs$core$array_reduce$cljs$0core$0IFn$0_invoke$0arity$03:Wb
cljs$core$array_reduce$cljs$0core$0IFn$0_invoke$0arity$04:Xb
cljs$core$assoc:kc
cljs$core$bit_count:Ic
cljs$core$boolean$0:xc
cljs$core$bounded_count:Vc
cljs$core$char_escapes:Je
cljs$core$chunk_append:Uc
cljs$core$chunk_cons:Tc
cljs$core$chunked_seq:zd
cljs$core$chunked_seq$cljs$0core$0IFn$0_invoke$0arity$04:yd
cljs$core$chunked_seq$cljs$0core$0IFn$0_invoke$0arity$05:Cd
cljs$core$chunked_seq_QMARK_:uc
cljs$core$clone_and_set$cljs$0core$0IFn$0_invoke$0arity$03:be
cljs$core$conj:ec
cljs$core$cons:W
cljs$core$contains_QMARK_:zc
cljs$core$count:U
cljs$core$counted_QMARK_:Yb
cljs$core$create_array_node_seq:pe
cljs$core$create_array_node_seq$cljs$0core$0IFn$0_invoke$0arity$01:oe
cljs$core$create_array_node_seq$cljs$0core$0IFn$0_invoke$0arity$03:we
cljs$core$create_inode_seq:he
cljs$core$create_inode_seq$cljs$0core$0IFn$0_invoke$0arity$01:ge
cljs$core$create_inode_seq$cljs$0core$0IFn$0_invoke$0arity$03:ue
cljs$core$create_node:le
cljs$core$create_node$cljs$0core$0IFn$0_invoke$0arity$06:me
cljs$core$create_node$cljs$0core$0IFn$0_invoke$0arity$07:ke
cljs$core$deref:Ub
cljs$core$do_assoc:rd
cljs$core$doall$cljs$0core$0IFn$0_invoke$0arity$01:Ee
cljs$core$edit_and_set$cljs$0core$0IFn$0_invoke$0arity$04:ce
cljs$core$empty:hc
cljs$core$empty_ordered_hash:Pb
cljs$core$empty_unordered_hash:Rb
cljs$core$enable_console_print_BANG_:ra
cljs$core$equiv_map:Id
cljs$core$equiv_sequential:cc
cljs$core$es6_iterator:S
cljs$core$es6_iterator_seq:Kb
cljs$core$every_QMARK_:hd
cljs$core$first:N
cljs$core$get:Gb
cljs$core$get$cljs$0core$0IFn$0_invoke$0arity$02:Fb
cljs$core$get$cljs$0core$0IFn$0_invoke$0arity$03:Hb
cljs$core$hash:Cb
cljs$core$hash_collision_node_find_index:re
cljs$core$hash_combine:Db
cljs$core$hash_ordered_coll:Ob
cljs$core$hash_string:Bb
cljs$core$hash_unordered_coll:Qb
cljs$core$identity:Fc
cljs$core$imul:ub
cljs$core$indexed_QMARK_:Zb
cljs$core$inode_kv_reduce:de
cljs$core$integer_QMARK_:yc
cljs$core$into$cljs$0core$0IFn$0_invoke$0arity$02:id
cljs$core$into$cljs$0core$0IFn$0_invoke$0arity$03:jd
cljs$core$into_array$cljs$0core$0IFn$0_invoke$0arity$02:ua
cljs$core$iter_reduce$cljs$0core$0IFn$0_invoke$0arity$02:Cc
cljs$core$iter_reduce$cljs$0core$0IFn$0_invoke$0arity$03:Dc
cljs$core$iterable_QMARK_:Jb
cljs$core$js__GT_clj$cljs$0core$0IFn$0_invoke$0arity$0variadic:Ve
cljs$core$key:Yd
cljs$core$key_test:Ud
cljs$core$keys:Pd
cljs$core$keyword:Mc
cljs$core$lift_ns:Re
cljs$core$linear_traversal_nth$cljs$0core$0IFn$0_invoke$0arity$03:ic
cljs$core$lookup_sentinel:wc
cljs$core$m3_fmix:xb
cljs$core$m3_hash_unencoded_chars:yb
cljs$core$m3_mix_H1:wb
cljs$core$m3_mix_K1:vb
cljs$core$map:X
cljs$core$map_QMARK_:rc
cljs$core$map_entry_QMARK_:Md
cljs$core$meta:pc
cljs$core$missing_protocol:x
cljs$core$name:Nc
cljs$core$namespace:Lc
cljs$core$native_satisfies_QMARK_:w
cljs$core$never_equiv:Hd
cljs$core$new_path:nd
cljs$core$next:P
cljs$core$next_STAR_:Yc
cljs$core$nth:ac
cljs$core$nth$cljs$0core$0IFn$0_invoke$0arity$02:$b
cljs$core$nth$cljs$0core$0IFn$0_invoke$0arity$03:jc
cljs$core$pam_grow_seed_array:Wd
cljs$core$pam_new_size:Vd
cljs$core$pr_opts:ka
cljs$core$pr_sequential_writer:Fe
cljs$core$pr_str_STAR_:tb
cljs$core$pr_writer:Z
cljs$core$pr_writer_impl:Me
cljs$core$prim_seq$cljs$0core$0IFn$0_invoke$0arity$02:dc
cljs$core$print_map:Ne
cljs$core$print_meta_QMARK_:Le
cljs$core$print_prefix_map:Se
cljs$core$push_tail:od
cljs$core$pv_fresh_node:ld
cljs$core$pv_reduce$cljs$0core$0IFn$0_invoke$0arity$04:td
cljs$core$pv_reduce$cljs$0core$0IFn$0_invoke$0arity$05:ud
cljs$core$quot:Hc
cljs$core$quote_string:Ke
cljs$core$record_QMARK_:sc
cljs$core$reduce:xa
cljs$core$reduce$cljs$0core$0IFn$0_invoke$0arity$03:va
cljs$core$reduce_kv:Ec
cljs$core$reduced_QMARK_:Tb
cljs$core$rest:Lb
cljs$core$seq:J
cljs$core$seq_reduce$cljs$0core$0IFn$0_invoke$0arity$02:Ac
cljs$core$seq_reduce$cljs$0core$0IFn$0_invoke$0arity$03:Bc
cljs$core$sequential_QMARK_:qc
cljs$core$spread:Wc
cljs$core$str:z
cljs$core$string_hash_cache:zb
cljs$core$string_hash_cache_count:Ab
cljs$core$string_print:Ie
cljs$core$strip_ns:Qe
cljs$core$symbol:Ib
cljs$core$t_cljs$0core6247:gd
cljs$core$tail_off:md
cljs$core$transduce$cljs$0core$0IFn$0_invoke$0arity$04:Gc
cljs$core$truth_:v
cljs$core$tv_editable_root:wd
cljs$core$tv_editable_tail:xd
cljs$core$tv_ensure_editable:Dd
cljs$core$tv_push_tail:Ed
cljs$core$type__GT_str:sa
cljs$core$unchecked_array_for:pd
cljs$core$val:Zd
cljs$core$vals:Qd
cljs$core$vector_QMARK_:tc
cljs$core$with_meta:oc
cljs$core$write_all$cljs$0core$0IFn$0_invoke$0arity$0variadic:He
cljs$cst$0$flush_on_newline:ma
cljs$cst$1$readably:na
cljs$cst$105$more_marker:Ge
cljs$cst$106$alt_impl:Oe
cljs$cst$107$fallback_impl:Pe
cljs$cst$127$keywordize_keys:We
cljs$cst$177$success:$e
cljs$cst$178$user:Xe
cljs$cst$179$email:af
cljs$cst$180$password:Ye
cljs$cst$181$name:Ze
cljs$cst$2$meta:oa
cljs$cst$3$dup:pa
cljs$cst$4$print_length:qa
cur$jscomp$inline_667:If
goog$UID_PROPERTY_:ba
goog$global:aa
goog$string$StringBuffer:fa
goog$typeOf:r
goog$uidCounter_:da
module$contents$goog$object_getKeys:ea
or__5002__auto__$jscomp$inline_459:Cf
part$jscomp$inline_668:Jf
parts$jscomp$inline_666:Hf
shadow$js$shim$module$0bcryptjs:kf
shadow$js$shim$module$0cookie_parser:df
shadow$js$shim$module$0cors:ef
shadow$js$shim$module$0crypto:lf
shadow$js$shim$module$0dotenv:mf
shadow$js$shim$module$0express:cf
shadow$js$shim$module$0jsonwebtoken:jf
shadow$js$shim$module$0mailtrap:nf
shadow$js$shim$module$0mongoose:gf
shadow$js$shim$module$0path:ff
